C51 COMPILER V9.60.7.0   MAIN                                                              01/01/2025 17:38:04 PAGE 1   


C51 COMPILER V9.60.7.0, COMPILATION OF MODULE MAIN
OBJECT MODULE PLACED IN .\Objects\main.obj
COMPILER INVOKED BY: C:\Keil_v5\C51\BIN\C51.EXE main.c OPTIMIZE(8,SPEED) BROWSE DEBUG OBJECTEXTEND PRINT(.\Listings\main
                    -.lst) TABS(2) OBJECT(.\Objects\main.obj)

line level    source

   1          #include <reg52.h>
   2          
   3          // 定义端口
   4          sbit NS_SEG_SEL = P2^0;  // 南北方向数码管位选
   5          sbit EW_SEG_SEL = P2^2;  // 东西方向数码管位选
   6          sbit RED_LIGHT_NS = P1^0; // 南北方向红灯
   7          sbit YELLOW_LIGHT_NS = P1^1; // 南北方向黄灯
   8          sbit GREEN_LIGHT_NS = P1^2; // 南北方向绿灯
   9          sbit RED_LIGHT_EW = P1^3; // 东西方向红灯
  10          sbit YELLOW_LIGHT_EW = P1^4; // 东西方向黄灯
  11          sbit GREEN_LIGHT_EW = P1^5; // 东西方向绿灯
  12          
  13          unsigned char code digit_code[] = {0x3F, 0x06, 0x5B, 0x4F, 0x66, 0x6D, 0x7D, 0x07, 0x7F, 0x6F};
  14          
  15          void delay_ms(unsigned int ms);
  16          void display_digit(unsigned char digit, bit direction);
  17          void set_traffic_light(bit direction, unsigned char color);
  18          
  19          void main() {
  20   1          unsigned char ns_time = 20; // 南北绿灯时间
  21   1          unsigned char ew_time = 20; // 东西绿灯时间
  22   1      
  23   1          while (1) {
  24   2              // 南北方向绿灯
  25   2              set_traffic_light(0, 2); // 南北绿灯
  26   2              for (; ns_time > 0; ns_time--) {
  27   3                  display_digit(ns_time, 0);
  28   3                  delay_ms(1000);
  29   3              }
  30   2      
  31   2              // 南北方向黄灯
  32   2              set_traffic_light(0, 1); // 南北黄灯
  33   2              ns_time = 5;
  34   2              for (; ns_time > 0; ns_time--) {
  35   3                  display_digit(ns_time, 0);
  36   3                  delay_ms(1000);
  37   3              }
  38   2      
  39   2              // 东西方向绿灯
  40   2              set_traffic_light(1, 2); // 东西绿灯
  41   2              for (; ew_time > 0; ew_time--) {
  42   3                  display_digit(ew_time, 1);
  43   3                  delay_ms(1000);
  44   3              }
  45   2      
  46   2              // 东西方向黄灯
  47   2              set_traffic_light(1, 1); // 东西黄灯
  48   2              ew_time = 5;
  49   2              for (; ew_time > 0; ew_time--) {
  50   3                  display_digit(ew_time, 1);
  51   3                  delay_ms(1000);
  52   3              }
  53   2      
  54   2              // 复位时间
C51 COMPILER V9.60.7.0   MAIN                                                              01/01/2025 17:38:04 PAGE 2   

  55   2              ns_time = 20;
  56   2              ew_time = 20;
  57   2          }
  58   1      }
  59          
  60          // 延时函数
  61          void delay_ms(unsigned int ms) {
  62   1          unsigned int i, j;
  63   1          for (i = ms; i > 0; i--)
  64   1              for (j = 112; j > 0; j--);
  65   1      }
  66          
  67          // 显示数码管数字
  68          void display_digit(unsigned char digit, bit direction) {
  69   1          unsigned char tens = digit / 10;
  70   1          unsigned char units = digit % 10;
  71   1      
  72   1          if (direction == 0) { // 南北方向
  73   2              NS_SEG_SEL = 0;
  74   2              EW_SEG_SEL = 1;
  75   2          } else { // 东西方向
  76   2              NS_SEG_SEL = 1;
  77   2              EW_SEG_SEL = 0;
  78   2          }
  79   1      
  80   1          // 显示十位
  81   1          P0 = digit_code[tens];
  82   1          delay_ms(5);
  83   1      
  84   1          // 显示个位
  85   1          P0 = digit_code[units];
  86   1          delay_ms(5);
  87   1      
  88   1          // 恢复数码管无显示
  89   1          P0 = 0x00;
  90   1      }
  91          
  92          // 设置交通灯
  93          void set_traffic_light(bit direction, unsigned char color) {
  94   1          if (direction == 0) { // 南北方向
  95   2              RED_LIGHT_NS = (color == 0);
  96   2              YELLOW_LIGHT_NS = (color == 1);
  97   2              GREEN_LIGHT_NS = (color == 2);
  98   2      
  99   2              RED_LIGHT_EW = 1;
 100   2              YELLOW_LIGHT_EW = 0;
 101   2              GREEN_LIGHT_EW = 0;
 102   2          } else { // 东西方向
 103   2              RED_LIGHT_EW = (color == 0);
 104   2              YELLOW_LIGHT_EW = (color == 1);
 105   2              GREEN_LIGHT_EW = (color == 2);
 106   2      
 107   2              RED_LIGHT_NS = 1;
 108   2              YELLOW_LIGHT_NS = 0;
 109   2              GREEN_LIGHT_NS = 0;
 110   2          }
 111   1      }


MODULE INFORMATION:   STATIC OVERLAYABLE
   CODE SIZE        =    303    ----
   CONSTANT SIZE    =     10    ----
C51 COMPILER V9.60.7.0   MAIN                                                              01/01/2025 17:38:04 PAGE 3   

   XDATA SIZE       =   ----    ----
   PDATA SIZE       =   ----    ----
   DATA SIZE        =   ----       3
   IDATA SIZE       =   ----    ----
   BIT SIZE         =   ----       2
END OF MODULE INFORMATION.


C51 COMPILATION COMPLETE.  0 WARNING(S),  0 ERROR(S)
